---
source: math-core/tests/wiki_test.rs
expression: "\\setminus, \\smallsetminus, \\times"
---
<math>
    <mo>∖</mo>
    <mo>,</mo>
    <mo>﹨</mo>
    <mo>,</mo>
    <mo lspace="0" rspace="0">×</mo>
</math>
