---
source: math-core/tests/wiki_test.rs
expression: "\\mapsto, \\longmapsto"
---
<math>
    <mo lspace="0">↦</mo>
    <mo>,</mo>
    <mo>⟼</mo>
</math>
