---
source: math-core/tests/wiki_test.rs
expression: "\\Rightarrow, \\nRightarrow, \\Longrightarrow, \\implies"
---
<math>
    <mo lspace="0">⇒</mo>
    <mo>,</mo>
    <mo>⇏</mo>
    <mo>,</mo>
    <mo>⟹</mo>
    <mo>,</mo>
    <mo>⟹</mo>
</math>
