---
source: math-core/tests/wiki_test.rs
expression: "\\leftrightarrow, \\nleftrightarrow, \\longleftrightarrow"
---
<math>
    <mo lspace="0">↔</mo>
    <mo>,</mo>
    <mo>↮</mo>
    <mo>,</mo>
    <mo>⟷</mo>
</math>
