---
source: math-core/tests/wiki_test.rs
expression: "\\curvearrowright \\circlearrowright \\Rsh \\downdownarrows \\leftleftarrows \\leftrightarrows \\leftarrowtail \\looparrowleft"
---
<math>
    <mo>↷</mo>
    <mo lspace="0">↻</mo>
    <mo lspace="0">↱</mo>
    <mo lspace="0">⇊</mo>
    <mo lspace="0">⇇</mo>
    <mo lspace="0">⇆</mo>
    <mo lspace="0">↢</mo>
    <mo lspace="0">↫</mo>
</math>
