---
source: math-core/tests/wiki_test.rs
expression: "\\hat{a}, \\widehat{a}, \\vec{a}"
---
<math>
    <mover accent="true">
        <mi>a</mi>
        <mo stretchy="false">̂</mo>
    </mover>
    <mo>,</mo>
    <mover accent="true">
        <mi>a</mi>
        <mo>^</mo>
    </mover>
    <mo>,</mo>
    <mover accent="true">
        <mi>a</mi>
        <mo stretchy="false">⃗</mo>
    </mover>
</math>
