---
source: math-core/tests/wiki_test.rs
expression: "\\dddot{x}"
---
<math>
    <mover accent="true">
        <mi>x</mi>
        <mo stretchy="false">âƒ›</mo>
    </mover>
</math>
