---
source: math-core/src/latex_parser/parse.rs
expression: "\\overset12"
---
[
  Overset(
    symbol: Number("1"),
    target: Number("2"),
  ),
]
