---
source: math-core/src/latex_parser/parse.rs
expression: "x_:\\equiv, x_:="
---
[
  Subscript(
    target: IdentifierChar('x', Default),
    symbol: Operator(
      op: ':',
      attr: None,
      left: Some(FourMu),
      right: Some(FourMu),
    ),
  ),
  Operator(
    op: 'â‰¡',
    attr: None,
    left: None,
    right: None,
  ),
  Operator(
    op: ',',
    attr: None,
    left: None,
    right: None,
  ),
  Subscript(
    target: IdentifierChar('x', Default),
    symbol: Operator(
      op: ':',
      attr: None,
      left: Some(FourMu),
      right: Some(FourMu),
    ),
  ),
  Operator(
    op: '=',
    attr: None,
    left: None,
    right: None,
  ),
]
