---
source: math-core/src/latex_parser/lexer.rs
expression: "\\pi"
---
0: Letter('Ï€')
