---
source: math-core/src/latex_parser/parse.rs
expression: "f''"
---
[
  Superscript(
    target: IdentifierChar('f', Default),
    symbol: Operator(
      op: 'â€³',
      attr: None,
      left: None,
      right: None,
    ),
  ),
]
