---
source: math-core/src/latex_parser/parse.rs
expression: 1 2  3    4
---
[
  Number("1234"),
]
