---
source: math-core/src/latex_parser/parse.rs
expression: "\\sqrt[3]21"
---
[
  Root(Number("3"), Number("2")),
  Number("1"),
]
