---
source: math-core/src/latex_parser/lexer.rs
expression: "{x + y}}"
---
Error at 7: UnexpectedClose(GroupEnd)
