---
source: math-core/src/latex_parser/parse.rs
expression: "\\sqrt x_i"
---
[
  Subscript(
    target: Sqrt(IdentifierChar('x', Default)),
    symbol: IdentifierChar('i', Default),
  ),
]
