---
source: math-core/src/latex_parser/lexer.rs
expression: "\\ 1"
---
0: NonBreakingSpace
2: Number(One)
