---
source: math-core/src/latex_parser/lexer.rs
expression: x
---
0: Letter('x')
