---
source: math-core/src/lib.rs
expression: "\\mathit{ab \\max \\alpha\\beta}"
---
<math>
    <mrow>
        <mi>𝑎𝑏</mi>
        <mo lspace="0.1667em" rspace="0.1667em">max</mo>
        <mi>𝛼𝛽</mi>
    </mrow>
</math>
