---
source: math-core/src/lib.rs
expression: "\\hspace{  4em }"
---
<math>
    <mspace width="4em"/>
</math>
