---
source: math-core/src/parse.rs
expression: "\\mathit{\\Alpha\\Beta}"
---
[
  TextTransform(
    tf: Transform(Italic),
    content: IdentifierStr("ΑΒ"),
  ),
]
