---
source: math-core/src/lib.rs
expression: "\\sqrt :"
---
<math>
    <msqrt>
        <mo>:</mo>
    </msqrt>
</math>
