---
source: math-core/src/lib.rs
expression: _2
---
<math>
    <msub>
        <mrow>
        </mrow>
        <mn>2</mn>
    </msub>
</math>
