---
source: math-core/src/lib.rs
expression: "\\mathbb{N} \\cup \\mathbb{N}^+"
---
<math>
    <mi>ℕ</mi>
    <mo>∪</mo>
    <msup>
        <mi>ℕ</mi>
        <mo>+</mo>
    </msup>
</math>
