---
source: math-core/src/parse.rs
expression: "f''"
---
[
  Superscript(
    target: IdentifierChar('f', Default),
    symbol: Operator(
      op: Op('â€³'),
      attr: None,
      left: None,
      right: None,
    ),
  ),
]
