---
source: math-core/src/lib.rs
expression: "\\operatorname{\\end{matrix}}"
---
Position: 14
UnexpectedClose(
    End(
        Matrix,
    ),
)
