---
source: math-core/src/lib.rs
expression: "\\operatorname{sn} x"
---
<math>
    <mo lspace="0" rspace="0.1667em">sn</mo>
    <mi>x</mi>
</math>
