---
source: math-core/src/lib.rs
expression: "g_{1=1}"
---
<math>
    <msub>
        <mi>g</mi>
        <mrow>
            <mn>1</mn>
            <mo lspace="0" rspace="0">=</mo>
            <mn>1</mn>
        </mrow>
    </msub>
</math>
